poolFee!
poolFee!
poolFee!
poolFee!
poolFee is 0
supply is ultra large
poolFee is 0
poolFee!
poolFee!
poolFee!
supply is ultra large
poolFee is 0
poolFee!
supply is ultra large
poolFee is 0
poolFee!
poolFee!
supply is ultra large
poolFee!
poolFee is 0
poolFee is 0
poolFee is 0
supply is ultra large
poolFee!
poolFee!
poolFee!
poolFee!
poolFee!
poolFee!
poolFee!
poolFee is 0
poolFee!
poolFee!
supply is ultra large
poolFee!
poolFee!
poolFee!
poolFee is 0
poolFee!
supply is ultra large
poolFee is 0
supply is ultra large
supply is ultra large
poolFee is 0
poolFee is 0
poolFee is 0
poolFee!
poolFee!
supply is ultra large
poolFee is 0
poolFee is 0
poolFee!
poolFee!
poolFee is 0
poolFee is 0
poolFee!
poolFee!
poolFee!
poolFee is 0
poolFee!
poolFee!
supply is ultra large
poolFee!
poolFee is 0
poolFee!
poolFee!
poolFee!
poolFee is 0
poolFee!
poolFee is 0
poolFee is 0
supply is ultra large
poolFee is 0
poolFee!
poolFee!
poolFee!
poolFee!
poolFee!
poolFee!
poolFee!
poolFee!
supply is ultra large
supply is ultra large
poolFee!
poolFee is 0
poolFee!
poolFee!
poolFee is 0
poolFee!
poolFee is 0
poolFee!
supply is ultra large
supply is ultra large
poolFee!
poolFee!
poolFee!
supply is ultra large
poolFee!
supply is ultra large
poolFee!
poolFee!
poolFee!
poolFee!
poolFee!
poolFee is 0
poolFee!
poolFee!
supply is ultra large
supply is ultra large
supply is ultra large
poolFee!
supply is ultra large
supply is ultra large
supply is ultra large
poolFee!
poolFee!
poolFee is 0
poolFee!
poolFee is 0
poolFee!
poolFee!
poolFee!
poolFee is 0
poolFee!
poolFee!
poolFee!
poolFee is 0
supply is ultra large
supply is ultra large
poolFee!
supply is ultra large
supply is ultra large
supply is ultra large
supply is ultra large
poolFee!
poolFee is 0
poolFee!
supply is ultra large
poolFee is 0
supply is ultra large
poolFee is 0
poolFee!
poolFee is 0
supply is ultra large
supply is ultra large
poolFee!
supply is ultra large
poolFee!
supply is ultra large
poolFee!
poolFee!
poolFee!
poolFee is 0
poolFee!
supply is ultra large
poolFee!
supply is ultra large
supply is ultra large
poolFee is 0
supply is ultra large
supply is ultra large
poolFee!
poolFee is 0
supply is ultra large
poolFee!
poolFee!
poolFee is 0
poolFee is 0
poolFee!
poolFee!
supply is ultra large
poolFee is 0
supply is ultra large
poolFee is 0
poolFee!
poolFee is 0
supply is ultra large
supply is ultra large
poolFee is 0
poolFee!
supply is ultra large
poolFee is 0
poolFee is 0
poolFee is 0
poolFee!
poolFee!
supply is ultra large
poolFee!
poolFee!
poolFee!
poolFee!
poolFee!
poolFee!
supply is ultra large
poolFee!
poolFee is 0
supply is ultra large
poolFee!
poolFee is 0
supply is ultra large
poolFee!
poolFee!
supply is ultra large
poolFee!
poolFee is 0
supply is ultra large
poolFee!
poolFee is 0
poolFee!
supply is ultra large
supply is ultra large
poolFee!
poolFee!
poolFee!
poolFee is 0
poolFee is 0
supply is ultra large
poolFee is 0
poolFee!
poolFee is 0
poolFee!
poolFee is 0
supply is ultra large
poolFee is 0
poolFee!
poolFee is 0
poolFee!
poolFee!
supply is ultra large
poolFee is 0
poolFee is 0
poolFee is 0
poolFee!
supply is ultra large
poolFee is 0
poolFee!
poolFee is 0
poolFee is 0
supply is ultra large
supply is ultra large
supply is ultra large
supply is ultra large
poolFee!
poolFee is 0
poolFee!
supply is ultra large
poolFee is 0
poolFee!
poolFee!
poolFee is 0
poolFee is 0
poolFee!
poolFee is 0
poolFee is 0
supply is ultra large
poolFee is 0
